// Jest Snapshot v1, https://goo.gl/fbAQLP

exports[`App tests App should render and match snapshot 1`] = `undefined`;
