// Jest Snapshot v1, https://goo.gl/fbAQLP

exports[`AddReview tests AddReview should render and match snapshot 1`] = `"<div aria-hidden=\\"true\\"><div data-testid=\\"addreview\\"></div></div><div role=\\"presentation\\" class=\\"MuiDialog-root\\" style=\\"position: fixed; z-index: 1300; right: 0px; bottom: 0px; top: 0px; left: 0px;\\"><div class=\\"MuiBackdrop-root\\" aria-hidden=\\"true\\" style=\\"opacity: 1; webkit-transition: opacity 225ms cubic-bezier(0.4, 0, 0.2, 1) 0ms; transition: opacity 225ms cubic-bezier(0.4, 0, 0.2, 1) 0ms;\\"></div><div tabindex=\\"0\\" data-test=\\"sentinelStart\\"></div><div class=\\"MuiDialog-container MuiDialog-scrollPaper\\" style=\\"opacity: 1; webkit-transition: opacity 225ms cubic-bezier(0.4, 0, 0.2, 1) 0ms; transition: opacity 225ms cubic-bezier(0.4, 0, 0.2, 1) 0ms;\\" role=\\"none presentation\\" tabindex=\\"-1\\"><div class=\\"MuiPaper-root MuiDialog-paper MuiDialog-paperScrollPaper MuiDialog-paperWidthSm MuiPaper-elevation24 MuiPaper-rounded\\" role=\\"dialog\\"><div class=\\"MuiDialogTitle-root\\"><h2 class=\\"MuiTypography-root MuiTypography-h6\\">Add a review for fake name</h2></div><div class=\\"MuiDialogContent-root\\"><p class=\\"MuiTypography-root MuiDialogContentText-root MuiTypography-body1 MuiTypography-colorTextSecondary\\">Fill in the fields below to submit a review!</p><div class=\\"MuiFormControl-root MuiTextField-root MuiFormControl-marginDense MuiFormControl-fullWidth\\"><label class=\\"MuiFormLabel-root MuiInputLabel-root MuiInputLabel-formControl MuiInputLabel-animated MuiInputLabel-marginDense\\" data-shrink=\\"false\\">Name</label><div class=\\"MuiInputBase-root MuiInput-root MuiInput-underline MuiInputBase-fullWidth MuiInput-fullWidth MuiInputBase-formControl MuiInput-formControl MuiInputBase-marginDense MuiInput-marginDense\\"><input aria-invalid=\\"false\\" type=\\"text\\" class=\\"MuiInputBase-input MuiInput-input MuiInputBase-inputMarginDense MuiInput-inputMarginDense\\" value=\\"\\"></div></div><div class=\\"MuiFormControl-root MuiTextField-root MuiFormControl-marginDense MuiFormControl-fullWidth\\"><label class=\\"MuiFormLabel-root MuiInputLabel-root MuiInputLabel-formControl MuiInputLabel-animated MuiInputLabel-marginDense\\" data-shrink=\\"false\\">Email Address</label><div class=\\"MuiInputBase-root MuiInput-root MuiInput-underline MuiInputBase-fullWidth MuiInput-fullWidth MuiInputBase-formControl MuiInput-formControl MuiInputBase-marginDense MuiInput-marginDense\\"><input aria-invalid=\\"false\\" type=\\"email\\" class=\\"MuiInputBase-input MuiInput-input MuiInputBase-inputMarginDense MuiInput-inputMarginDense\\" value=\\"\\"></div></div><div class=\\"MuiFormControl-root MuiTextField-root MuiFormControl-marginDense MuiFormControl-fullWidth\\"><label class=\\"MuiFormLabel-root MuiInputLabel-root MuiInputLabel-formControl MuiInputLabel-animated MuiInputLabel-marginDense\\" data-shrink=\\"false\\">Rating</label><div class=\\"MuiInputBase-root MuiInput-root MuiInput-underline MuiInputBase-fullWidth MuiInput-fullWidth MuiInputBase-formControl MuiInput-formControl MuiInputBase-marginDense MuiInput-marginDense\\"><input aria-invalid=\\"false\\" type=\\"text\\" class=\\"MuiInputBase-input MuiInput-input MuiInputBase-inputMarginDense MuiInput-inputMarginDense\\" value=\\"\\"></div></div><div class=\\"MuiFormControl-root MuiTextField-root MuiFormControl-marginDense MuiFormControl-fullWidth\\"><label class=\\"MuiFormLabel-root MuiInputLabel-root MuiInputLabel-formControl MuiInputLabel-animated MuiInputLabel-shrink MuiInputLabel-marginDense Mui-focused Mui-focused\\" data-shrink=\\"true\\">Comment</label><div class=\\"MuiInputBase-root MuiInput-root MuiInput-underline MuiInputBase-fullWidth MuiInput-fullWidth Mui-focused Mui-focused MuiInputBase-formControl MuiInput-formControl MuiInputBase-multiline MuiInput-multiline MuiInputBase-marginDense MuiInput-marginDense\\"><textarea aria-invalid=\\"false\\" rows=\\"5\\" class=\\"MuiInputBase-input MuiInput-input MuiInputBase-inputMultiline MuiInput-inputMultiline MuiInputBase-inputMarginDense MuiInput-inputMarginDense\\"></textarea></div></div></div><div class=\\"MuiDialogActions-root MuiDialogActions-spacing\\"><button class=\\"MuiButtonBase-root MuiButton-root MuiButton-text\\" tabindex=\\"0\\" type=\\"button\\" data-testid=\\"cancelbutton\\"><span class=\\"MuiButton-label\\">Cancel</span><span class=\\"MuiTouchRipple-root\\"></span></button><button class=\\"MuiButtonBase-root MuiButton-root MuiButton-text\\" tabindex=\\"0\\" type=\\"button\\"><span class=\\"MuiButton-label\\">Submit</span><span class=\\"MuiTouchRipple-root\\"></span></button></div></div></div><div tabindex=\\"0\\" data-test=\\"sentinelEnd\\"></div></div>"`;
