// Jest Snapshot v1, https://goo.gl/fbAQLP

exports[`DataTable tests DataTable should render and match snapshot 1`] = `undefined`;
