// Jest Snapshot v1, https://goo.gl/fbAQLP

exports[`Home tests Home should render and match snapshot 1`] = `undefined`;
