// Jest Snapshot v1, https://goo.gl/fbAQLP

exports[`Products tests Products should render and match snapshot 1`] = `"<div class=\\"MuiGrid-root MuiGrid-item\\"><div class=\\"MuiPaper-root MuiCard-root makeStyles-card-2 MuiPaper-elevation1 MuiPaper-rounded\\"><a href=\\"/product/1\\"><button class=\\"MuiButtonBase-root MuiCardActionArea-root\\" tabindex=\\"0\\" type=\\"button\\"><div class=\\"MuiCardMedia-root makeStyles-media-3\\" title=\\"fake name\\"></div><div class=\\"MuiCardContent-root\\"><h2 class=\\"MuiTypography-root MuiTypography-h5 MuiTypography-gutterBottom\\">fake name</h2><p class=\\"MuiTypography-root MuiTypography-body2 MuiTypography-colorTextSecondary\\">fake description</p></div><span class=\\"MuiCardActionArea-focusHighlight\\"></span><span class=\\"MuiTouchRipple-root\\"></span></button></a></div></div><div class=\\"MuiGrid-root MuiGrid-item\\"><div class=\\"MuiPaper-root MuiCard-root makeStyles-card-2 MuiPaper-elevation1 MuiPaper-rounded\\"><a href=\\"/product/2\\"><button class=\\"MuiButtonBase-root MuiCardActionArea-root\\" tabindex=\\"0\\" type=\\"button\\"><div class=\\"MuiCardMedia-root makeStyles-media-3\\" title=\\"fake namington\\"></div><div class=\\"MuiCardContent-root\\"><h2 class=\\"MuiTypography-root MuiTypography-h5 MuiTypography-gutterBottom\\">fake namington</h2><p class=\\"MuiTypography-root MuiTypography-body2 MuiTypography-colorTextSecondary\\">fake description again</p></div><span class=\\"MuiCardActionArea-focusHighlight\\"></span><span class=\\"MuiTouchRipple-root\\"></span></button></a></div></div>"`;
