// Jest Snapshot v1, https://goo.gl/fbAQLP

exports[`Product tests Product should render and match snapshot 1`] = `undefined`;
