// Jest Snapshot v1, https://goo.gl/fbAQLP

exports[`ReviewChart tests ReviewChart should render and match snapshot 1`] = `"<canvas class=\\"makeStyles-canvas-1\\"></canvas>"`;
